#
# There is insufficient memory for the Java Runtime Environment to continue.
# Native memory allocation (malloc) failed to allocate 101744 bytes. Error detail: Chunk::new
# Possible reasons:
#   The system is out of physical RAM or swap space
#   This process is running with CompressedOops enabled, and the Java Heap may be blocking the growth of the native heap
# Possible solutions:
#   Reduce memory load on the system
#   Increase physical memory or swap space
#   Check if swap backing store is full
#   Decrease Java heap size (-Xmx/-Xms)
#   Decrease number of Java threads
#   Decrease Java thread stack sizes (-Xss)
#   Set larger code cache with -XX:ReservedCodeCacheSize=
#   JVM is running with Unscaled Compressed Oops mode in which the Java heap is
#     placed in the first 4GB address space. The Java Heap base address is the
#     maximum limit for the native heap growth. Please use -XX:HeapBaseMinAddress
#     to set the Java Heap base and to place the Java Heap above 4GB virtual address.
# This output file may be truncated or incomplete.
#
#  Out of Memory Error (arena.cpp:168), pid=7176, tid=16564
#
# JRE version: OpenJDK Runtime Environment Temurin-21.0.11+10 (21.0.11+10) (build 21.0.11+10-LTS)
# Java VM: OpenJDK 64-Bit Server VM Temurin-21.0.11+10 (21.0.11+10-LTS, mixed mode, sharing, tiered, compressed oops, compressed class ptrs, parallel gc, windows-amd64)
# No core dump will be written. Minidumps are not enabled by default on client versions of Windows
#

---------------  S U M M A R Y ------------

Command Line: --add-modules=ALL-SYSTEM --add-opens=java.base/java.util=ALL-UNNAMED --add-opens=java.base/java.lang=ALL-UNNAMED --add-opens=java.base/sun.nio.fs=ALL-UNNAMED -Declipse.application=org.eclipse.jdt.ls.core.id1 -Dosgi.bundles.defaultStartLevel=4 -Declipse.product=org.eclipse.jdt.ls.core.product -Djava.import.generatesMetadataFilesAtProjectRoot=false -DDetectVMInstallationsJob.disabled=true -Dfile.encoding=utf8 -XX:+UseParallelGC -XX:GCTimeRatio=4 -XX:AdaptiveSizePolicyWeight=90 -Dsun.zip.disableMemoryMapping=true -Xmx2G -Xms100m -Xlog:disable -javaagent:c:\Users\SakithMohamed\.vscode\extensions\redhat.java-1.55.0-win32-x64\lombok\lombok-1.18.39-4050.jar -XX:+HeapDumpOnOutOfMemoryError -XX:HeapDumpPath=c:\Users\SakithMohamed\AppData\Roaming\Code\User\workspaceStorage\15b8b954a2dc30d6c90312cba1e976f8\redhat.java -Daether.dependencyCollector.impl=bf c:\Users\SakithMohamed\.vscode\extensions\redhat.java-1.55.0-win32-x64\server\plugins\org.eclipse.equinox.launcher_1.7.200.v20260619-2039.jar -configuration c:\Users\SakithMohamed\AppData\Roaming\Code\User\globalStorage\redhat.java\1.55.0\config_win -data c:\Users\SakithMohamed\AppData\Roaming\Code\User\workspaceStorage\15b8b954a2dc30d6c90312cba1e976f8\redhat.java\jdt_ws --pipe=\\.\pipe\lsp-e4f5067cc65347b6800a86a8cec6b946-sock

Host: 11th Gen Intel(R) Core(TM) i3-1115G4 @ 3.00GHz, 4 cores, 7G,  Windows 11 , 64 bit Build 26100 (10.0.26100.9168)
Time: Wed Aug 19 16:50:38 2026 Sri Lanka Standard Time elapsed time: 3.595809 seconds (0d 0h 0m 3s)

---------------  T H R E A D  ---------------

Current thread (0x0000020804ae2220):  JavaThread "C2 CompilerThread1" daemon [_thread_in_native, id=16564, stack(0x00000043cee00000,0x00000043cef00000) (1024K)]


Current CompileTask:
C2:3595 2181 %     4       java.util.Properties$LineReader::readLine @ 293 (584 bytes)

Stack: [0x00000043cee00000,0x00000043cef00000]
Native frames: (J=compiled Java code, j=interpreted, Vv=VM code, C=native code)
V  [jvm.dll+0x6d7e19]
V  [jvm.dll+0x8b5096]
V  [jvm.dll+0x8b764e]
V  [jvm.dll+0x8b7d33]
V  [jvm.dll+0x284596]
V  [jvm.dll+0xc685d]
V  [jvm.dll+0xc6da1]
V  [jvm.dll+0x3bed6b]
V  [jvm.dll+0x1e3b4e]
V  [jvm.dll+0x24c853]
V  [jvm.dll+0x24bce0]
V  [jvm.dll+0x1cb4ae]
V  [jvm.dll+0x25baad]
V  [jvm.dll+0x25a03a]
V  [jvm.dll+0x3f868e]
V  [jvm.dll+0x85fb0d]
V  [jvm.dll+0x6d664d]
C  [ucrtbase.dll+0x2cd30]
C  [KERNEL32.DLL+0x2ccb7]
C  [ntdll.dll+0xaad6c]


---------------  P R O C E S S  ---------------

Threads class SMR info:
_java_thread_list=0x00000208047f7b50, length=16, elements={
0x00000208234a2620, 0x000002082335a950, 0x000002082335d4c0, 0x000002082335e1e0,
0x000002082335ec40, 0x000002082335f6a0, 0x0000020823360100, 0x0000020823360f40,
0x00000208233d0a30, 0x00000208041e39c0, 0x0000020804291c80, 0x0000020804beda80,
0x0000020804bb7e90, 0x00000208049905c0, 0x0000020804d7c080, 0x0000020804ae2220
}

Java Threads: ( => current thread )
  0x00000208234a2620 JavaThread "main"                              [_thread_blocked, id=5116, stack(0x00000043cd800000,0x00000043cd900000) (1024K)]
  0x000002082335a950 JavaThread "Reference Handler"          daemon [_thread_blocked, id=12100, stack(0x00000043cdd00000,0x00000043cde00000) (1024K)]
  0x000002082335d4c0 JavaThread "Finalizer"                  daemon [_thread_blocked, id=15736, stack(0x00000043cde00000,0x00000043cdf00000) (1024K)]
  0x000002082335e1e0 JavaThread "Signal Dispatcher"          daemon [_thread_blocked, id=7064, stack(0x00000043cdf00000,0x00000043ce000000) (1024K)]
  0x000002082335ec40 JavaThread "Attach Listener"            daemon [_thread_blocked, id=8516, stack(0x00000043ce000000,0x00000043ce100000) (1024K)]
  0x000002082335f6a0 JavaThread "Service Thread"             daemon [_thread_blocked, id=9152, stack(0x00000043ce100000,0x00000043ce200000) (1024K)]
  0x0000020823360100 JavaThread "Monitor Deflation Thread"   daemon [_thread_blocked, id=14240, stack(0x00000043ce200000,0x00000043ce300000) (1024K)]
  0x0000020823360f40 JavaThread "C2 CompilerThread0"         daemon [_thread_blocked, id=12240, stack(0x00000043ce300000,0x00000043ce400000) (1024K)]
  0x00000208233d0a30 JavaThread "C1 CompilerThread0"         daemon [_thread_blocked, id=1484, stack(0x00000043ce400000,0x00000043ce500000) (1024K)]
  0x00000208041e39c0 JavaThread "Common-Cleaner"             daemon [_thread_blocked, id=13832, stack(0x00000043ce500000,0x00000043ce600000) (1024K)]
  0x0000020804291c80 JavaThread "Notification Thread"        daemon [_thread_blocked, id=12220, stack(0x00000043ce600000,0x00000043ce700000) (1024K)]
  0x0000020804beda80 JavaThread "Active Thread: Equinox Container: 1928bf72-5f18-4879-a236-13a08858c148"        [_thread_blocked, id=14528, stack(0x00000043ceb00000,0x00000043cec00000) (1024K)]
  0x0000020804bb7e90 JavaThread "Refresh Thread: Equinox Container: 1928bf72-5f18-4879-a236-13a08858c148" daemon [_thread_blocked, id=1680, stack(0x00000043ce700000,0x00000043ce800000) (1024K)]
  0x00000208049905c0 JavaThread "Framework Event Dispatcher: Equinox Container: 1928bf72-5f18-4879-a236-13a08858c148" daemon [_thread_blocked, id=10160, stack(0x00000043cec00000,0x00000043ced00000) (1024K)]
  0x0000020804d7c080 JavaThread "Start Level: Equinox Container: 1928bf72-5f18-4879-a236-13a08858c148" daemon [_thread_in_native, id=5624, stack(0x00000043ced00000,0x00000043cee00000) (1024K)]
=>0x0000020804ae2220 JavaThread "C2 CompilerThread1"         daemon [_thread_in_native, id=16564, stack(0x00000043cee00000,0x00000043cef00000) (1024K)]
Total: 16

Other Threads:
  0x000002082334f900 VMThread "VM Thread"                           [id=8880, stack(0x00000043cdc00000,0x00000043cdd00000) (1024K)]
  0x00000208234e3b10 WatcherThread "VM Periodic Task Thread"        [id=16000, stack(0x00000043cdb00000,0x00000043cdc00000) (1024K)]
  0x0000020823479b50 WorkerThread "GC Thread#0"                     [id=10324, stack(0x00000043cda00000,0x00000043cdb00000) (1024K)]
  0x00000208042822c0 WorkerThread "GC Thread#1"                     [id=18076, stack(0x00000043ce800000,0x00000043ce900000) (1024K)]
  0x00000208042817b0 WorkerThread "GC Thread#2"                     [id=19832, stack(0x00000043ce900000,0x00000043cea00000) (1024K)]
  0x0000020804282670 WorkerThread "GC Thread#3"                     [id=7208, stack(0x00000043cea00000,0x00000043ceb00000) (1024K)]
Total: 6

Threads with active compile tasks:
C2 CompilerThread1  3638 2181 %     4       java.util.Properties$LineReader::readLine @ 293 (584 bytes)
Total: 1

VM state: not at safepoint (normal execution)

VM Mutex/Monitor currently owned by a thread: None

Heap address: 0x0000000080000000, size: 2048 MB, Compressed Oops mode: 32-bit

CDS archive(s) mapped at: [0x000002083a000000-0x000002083aba0000-0x000002083aba0000), size 12189696, SharedBaseAddress: 0x000002083a000000, ArchiveRelocationMode: 1.
Compressed class space mapped at: 0x000002083b000000-0x000002087b000000, reserved size: 1073741824
Narrow klass base: 0x000002083a000000, Narrow klass shift: 0, Narrow klass range: 0x100000000

GC Precious Log:
 CardTable entry size: 512
 CPUs: 4 total, 4 available
 Memory: 7894M
 Large Page Support: Disabled
 NUMA Support: Disabled
 Compressed Oops: Enabled (32-bit)
 Alignments: Space 512K, Generation 512K, Heap 2M
 Heap Min Capacity: 100M
 Heap Initial Capacity: 100M
 Heap Max Capacity: 2G
 Pre-touch: Disabled
 Parallel Workers: 4

Heap:
 PSYoungGen      total 29696K, used 28733K [0x00000000d5580000, 0x00000000d7680000, 0x0000000100000000)
  eden space 25600K, 96% used [0x00000000d5580000,0x00000000d6d916a8,0x00000000d6e80000)
  from space 4096K, 99% used [0x00000000d7280000,0x00000000d767de88,0x00000000d7680000)
  to   space 4096K, 0% used [0x00000000d6e80000,0x00000000d6e80000,0x00000000d7280000)
 ParOldGen       total 68608K, used 2016K [0x0000000080000000, 0x0000000084300000, 0x00000000d5580000)
  object space 68608K, 2% used [0x0000000080000000,0x00000000801f80c0,0x0000000084300000)
 Metaspace       used 9649K, committed 9984K, reserved 1114112K
  class space    used 1033K, committed 1216K, reserved 1048576K

Card table byte_map: [0x0000020822e00000,0x0000020823210000] _byte_map_base: 0x0000020822a00000

Marking Bits: (ParMarkBitMap*) 0x00007fff43eb4460
 Begin Bits: [0x0000020835910000, 0x0000020837910000)
 End Bits:   [0x0000020837910000, 0x0000020839910000)

Polling page: 0x00000208212c0000

Metaspace:

Usage:
  Non-class:      8.41 MB used.
      Class:      1.01 MB used.
       Both:      9.42 MB used.

Virtual space:
  Non-class space:       64.00 MB reserved,       8.56 MB ( 13%) committed,  1 nodes.
      Class space:        1.00 GB reserved,       1.19 MB ( <1%) committed,  1 nodes.
             Both:        1.06 GB reserved,       9.75 MB ( <1%) committed. 

Chunk freelists:
   Non-Class:  7.44 MB
       Class:  14.79 MB
        Both:  22.22 MB

MaxMetaspaceSize: unlimited
CompressedClassSpaceSize: 1.00 GB
Initial GC threshold: 21.00 MB
Current GC threshold: 21.00 MB
CDS: on
 - commit_granule_bytes: 65536.
 - commit_granule_words: 8192.
 - virtual_space_node_default_size: 8388608.
 - enlarge_chunks_in_place: 1.
 - use_allocation_guard: 0.


Internal statistics:

num_allocs_failed_limit: 0.
num_arena_births: 256.
num_arena_deaths: 0.
num_vsnodes_births: 2.
num_vsnodes_deaths: 0.
num_space_committed: 156.
num_space_uncommitted: 0.
num_chunks_returned_to_freelist: 0.
num_chunks_taken_from_freelist: 499.
num_chunk_merges: 0.
num_chunk_splits: 322.
num_chunks_enlarged: 211.
num_inconsistent_stats: 0.

CodeHeap 'non-profiled nmethods': size=120000Kb used=1035Kb max_used=1035Kb free=118964Kb
 bounds [0x000002082e130000, 0x000002082e3a0000, 0x0000020835660000]
CodeHeap 'profiled nmethods': size=120000Kb used=4137Kb max_used=4137Kb free=115862Kb
 bounds [0x0000020826660000, 0x0000020826a70000, 0x000002082db90000]
CodeHeap 'non-nmethods': size=5760Kb used=1240Kb max_used=1279Kb free=4519Kb
 bounds [0x000002082db90000, 0x000002082de00000, 0x000002082e130000]
CodeCache: size=245760Kb, used=6412Kb, max_used=6451Kb, free=239345Kb
 total_blobs=2687, nmethods=2194, adapters=399, full_count=0
Compilation: enabled, stopped_count=0, restarted_count=0

Compilation events (20 events):
Event: 3.299 Thread 0x00000208233d0a30 nmethod 2173 0x0000020826a61110 code [0x0000020826a612c0, 0x0000020826a61460]
Event: 3.303 Thread 0x00000208233d0a30 2174   !   3       org.eclipse.osgi.storage.BundleInfo$Generation::getContentType (17 bytes)
Event: 3.303 Thread 0x00000208233d0a30 nmethod 2174 0x0000020826a61510 code [0x0000020826a616c0, 0x0000020826a618c0]
Event: 3.304 Thread 0x00000208233d0a30 2175       3       java.util.zip.ZipFile$Source::isSignatureRelated (227 bytes)
Event: 3.305 Thread 0x00000208233d0a30 nmethod 2175 0x0000020826a61990 code [0x0000020826a61b60, 0x0000020826a62168]
Event: 3.305 Thread 0x00000208233d0a30 2176       3       java.util.zip.ZipFile$Source::getMetaVersion (221 bytes)
Event: 3.305 Thread 0x00000208233d0a30 nmethod 2176 0x0000020826a62390 code [0x0000020826a62580, 0x0000020826a62c70]
Event: 3.308 Thread 0x00000208233d0a30 2178       3       org.eclipse.osgi.internal.framework.EquinoxBundle::getBundleId (11 bytes)
Event: 3.308 Thread 0x00000208233d0a30 nmethod 2178 0x0000020826a62e90 code [0x0000020826a63040, 0x0000020826a63190]
Event: 3.312 Thread 0x00000208233d0a30 2179       3       java.nio.Buffer::position (52 bytes)
Event: 3.313 Thread 0x00000208233d0a30 nmethod 2179 0x0000020826a63290 code [0x0000020826a63440, 0x0000020826a63698]
Event: 3.313 Thread 0x00000208233d0a30 2180       3       java.nio.Buffer::hasRemaining (17 bytes)
Event: 3.313 Thread 0x00000208233d0a30 nmethod 2180 0x0000020826a63790 code [0x0000020826a63920, 0x0000020826a63a88]
Event: 3.315 Thread 0x0000020804ae2220 2181 %     4       java.util.Properties$LineReader::readLine @ 293 (584 bytes)
Event: 3.326 Thread 0x00000208233d0a30 2183       3       java.util.Collection::stream (11 bytes)
Event: 3.326 Thread 0x00000208233d0a30 nmethod 2183 0x0000020826a63b10 code [0x0000020826a63cc0, 0x0000020826a63ec0]
Event: 3.361 Thread 0x00000208233d0a30 2184       1       org.eclipse.osgi.storage.bundlefile.BundleFile::getBaseFile (5 bytes)
Event: 3.361 Thread 0x00000208233d0a30 nmethod 2184 0x000002082e22d490 code [0x000002082e22d620, 0x000002082e22d6e8]
Event: 3.362 Thread 0x00000208233d0a30 2185       3       java.util.HashMap$EntrySet::iterator (12 bytes)
Event: 3.362 Thread 0x00000208233d0a30 nmethod 2185 0x0000020826a63f90 code [0x0000020826a64140, 0x0000020826a64348]

GC Heap History (4 events):
Event: 1.774 GC heap before
{Heap before GC invocations=1 (full 0):
 PSYoungGen      total 29696K, used 25600K [0x00000000d5580000, 0x00000000d7680000, 0x0000000100000000)
  eden space 25600K, 100% used [0x00000000d5580000,0x00000000d6e80000,0x00000000d6e80000)
  from space 4096K, 0% used [0x00000000d7280000,0x00000000d7280000,0x00000000d7680000)
  to   space 4096K, 0% used [0x00000000d6e80000,0x00000000d6e80000,0x00000000d7280000)
 ParOldGen       total 68608K, used 0K [0x0000000080000000, 0x0000000084300000, 0x00000000d5580000)
  object space 68608K, 0% used [0x0000000080000000,0x0000000080000000,0x0000000084300000)
 Metaspace       used 4373K, committed 4608K, reserved 1114112K
  class space    used 476K, committed 576K, reserved 1048576K
}
Event: 1.780 GC heap after
{Heap after GC invocations=1 (full 0):
 PSYoungGen      total 29696K, used 3303K [0x00000000d5580000, 0x00000000d7680000, 0x0000000100000000)
  eden space 25600K, 0% used [0x00000000d5580000,0x00000000d5580000,0x00000000d6e80000)
  from space 4096K, 80% used [0x00000000d6e80000,0x00000000d71b9e98,0x00000000d7280000)
  to   space 4096K, 0% used [0x00000000d7280000,0x00000000d7280000,0x00000000d7680000)
 ParOldGen       total 68608K, used 16K [0x0000000080000000, 0x0000000084300000, 0x00000000d5580000)
  object space 68608K, 0% used [0x0000000080000000,0x0000000080004000,0x0000000084300000)
 Metaspace       used 4373K, committed 4608K, reserved 1114112K
  class space    used 476K, committed 576K, reserved 1048576K
}
Event: 2.522 GC heap before
{Heap before GC invocations=2 (full 0):
 PSYoungGen      total 29696K, used 28903K [0x00000000d5580000, 0x00000000d7680000, 0x0000000100000000)
  eden space 25600K, 100% used [0x00000000d5580000,0x00000000d6e80000,0x00000000d6e80000)
  from space 4096K, 80% used [0x00000000d6e80000,0x00000000d71b9e98,0x00000000d7280000)
  to   space 4096K, 0% used [0x00000000d7280000,0x00000000d7280000,0x00000000d7680000)
 ParOldGen       total 68608K, used 16K [0x0000000080000000, 0x0000000084300000, 0x00000000d5580000)
  object space 68608K, 0% used [0x0000000080000000,0x0000000080004000,0x0000000084300000)
 Metaspace       used 8249K, committed 8576K, reserved 1114112K
  class space    used 871K, committed 1024K, reserved 1048576K
}
Event: 2.527 GC heap after
{Heap after GC invocations=2 (full 0):
 PSYoungGen      total 29696K, used 4087K [0x00000000d5580000, 0x00000000d7680000, 0x0000000100000000)
  eden space 25600K, 0% used [0x00000000d5580000,0x00000000d5580000,0x00000000d6e80000)
  from space 4096K, 99% used [0x00000000d7280000,0x00000000d767de88,0x00000000d7680000)
  to   space 4096K, 0% used [0x00000000d6e80000,0x00000000d6e80000,0x00000000d7280000)
 ParOldGen       total 68608K, used 2016K [0x0000000080000000, 0x0000000084300000, 0x00000000d5580000)
  object space 68608K, 2% used [0x0000000080000000,0x00000000801f80c0,0x0000000084300000)
 Metaspace       used 8249K, committed 8576K, reserved 1114112K
  class space    used 871K, committed 1024K, reserved 1048576K
}

Dll operation events (9 events):
Event: 0.140 Loaded shared library c:\Users\SakithMohamed\.vscode\extensions\redhat.java-1.55.0-win32-x64\jre\21.0.11-win32-x86_64\bin\java.dll
Event: 0.550 Loaded shared library c:\Users\SakithMohamed\.vscode\extensions\redhat.java-1.55.0-win32-x64\jre\21.0.11-win32-x86_64\bin\zip.dll
Event: 0.573 Loaded shared library C:\Users\SakithMohamed\.vscode\extensions\redhat.java-1.55.0-win32-x64\jre\21.0.11-win32-x86_64\bin\instrument.dll
Event: 0.629 Loaded shared library C:\Users\SakithMohamed\.vscode\extensions\redhat.java-1.55.0-win32-x64\jre\21.0.11-win32-x86_64\bin\net.dll
Event: 0.696 Loaded shared library C:\Users\SakithMohamed\.vscode\extensions\redhat.java-1.55.0-win32-x64\jre\21.0.11-win32-x86_64\bin\nio.dll
Event: 0.701 Loaded shared library C:\Users\SakithMohamed\.vscode\extensions\redhat.java-1.55.0-win32-x64\jre\21.0.11-win32-x86_64\bin\zip.dll
Event: 0.723 Loaded shared library C:\Users\SakithMohamed\.vscode\extensions\redhat.java-1.55.0-win32-x64\jre\21.0.11-win32-x86_64\bin\jimage.dll
Event: 0.890 Loaded shared library c:\Users\SakithMohamed\.vscode\extensions\redhat.java-1.55.0-win32-x64\jre\21.0.11-win32-x86_64\bin\verify.dll
Event: 2.961 Loaded shared library C:\Users\SakithMohamed\AppData\Roaming\Code\User\globalStorage\redhat.java\1.55.0\config_win\org.eclipse.equinox.launcher\org.eclipse.equinox.launcher.win32.win32.x86_64_1.3.100.v20260613-0559\eclipse_11924.dll

Deoptimization events (20 events):
Event: 3.165 Thread 0x0000020804d7c080 DEOPT PACKING pc=0x000002082e1ed348 sp=0x00000043cedfe100
Event: 3.165 Thread 0x0000020804d7c080 DEOPT UNPACKING pc=0x000002082dbe6da2 sp=0x00000043cedfe070 mode 2
Event: 3.282 Thread 0x0000020804d7c080 DEOPT PACKING pc=0x0000020826a33775 sp=0x00000043cedfdb80
Event: 3.282 Thread 0x0000020804d7c080 DEOPT UNPACKING pc=0x000002082dbe78e2 sp=0x00000043cedfd060 mode 0
Event: 3.290 Thread 0x0000020804d7c080 Uncommon trap: trap_request=0xffffff45 fr.pc=0x000002082e214920 relative=0x0000000000000660
Event: 3.290 Thread 0x0000020804d7c080 Uncommon trap: reason=unstable_if action=reinterpret pc=0x000002082e214920 method=java.util.regex.Matcher.search(I)Z @ 30 c2
Event: 3.290 Thread 0x0000020804d7c080 DEOPT PACKING pc=0x000002082e214920 sp=0x00000043cedfd8e0
Event: 3.290 Thread 0x0000020804d7c080 DEOPT UNPACKING pc=0x000002082dbe6da2 sp=0x00000043cedfd8d0 mode 2
Event: 3.290 Thread 0x0000020804d7c080 Uncommon trap: trap_request=0xffffffde fr.pc=0x000002082e213ae4 relative=0x0000000000000304
Event: 3.290 Thread 0x0000020804d7c080 Uncommon trap: reason=class_check action=maybe_recompile pc=0x000002082e213ae4 method=java.util.regex.Pattern$BmpCharPropertyGreedy.match(Ljava/util/regex/Matcher;ILjava/lang/CharSequence;)Z @ 26 c2
Event: 3.290 Thread 0x0000020804d7c080 DEOPT PACKING pc=0x000002082e213ae4 sp=0x00000043cedfd5d0
Event: 3.290 Thread 0x0000020804d7c080 DEOPT UNPACKING pc=0x000002082dbe6da2 sp=0x00000043cedfd588 mode 2
Event: 3.290 Thread 0x0000020804d7c080 Uncommon trap: trap_request=0xffffffde fr.pc=0x000002082e213ae4 relative=0x0000000000000304
Event: 3.290 Thread 0x0000020804d7c080 Uncommon trap: reason=class_check action=maybe_recompile pc=0x000002082e213ae4 method=java.util.regex.Pattern$BmpCharPropertyGreedy.match(Ljava/util/regex/Matcher;ILjava/lang/CharSequence;)Z @ 26 c2
Event: 3.290 Thread 0x0000020804d7c080 DEOPT PACKING pc=0x000002082e213ae4 sp=0x00000043cedfd4d0
Event: 3.290 Thread 0x0000020804d7c080 DEOPT UNPACKING pc=0x000002082dbe6da2 sp=0x00000043cedfd468 mode 2
Event: 3.292 Thread 0x0000020804d7c080 DEOPT PACKING pc=0x0000020826a33775 sp=0x00000043cedfdb00
Event: 3.292 Thread 0x0000020804d7c080 DEOPT UNPACKING pc=0x000002082dbe78e2 sp=0x00000043cedfcfe0 mode 0
Event: 3.308 Thread 0x0000020804d7c080 DEOPT PACKING pc=0x0000020826a33775 sp=0x00000043cedfdb00
Event: 3.308 Thread 0x0000020804d7c080 DEOPT UNPACKING pc=0x000002082dbe78e2 sp=0x00000043cedfcfe0 mode 0

Classes loaded (20 events):
Event: 3.146 Loading class java/nio/channels/spi/AbstractSelectableChannel
Event: 3.147 Loading class java/nio/channels/SelectableChannel
Event: 3.147 Loading class java/nio/channels/SelectableChannel done
Event: 3.147 Loading class java/nio/channels/spi/AbstractSelectableChannel done
Event: 3.147 Loading class java/nio/channels/SocketChannel done
Event: 3.147 Loading class sun/nio/ch/SocketChannelImpl done
Event: 3.147 Loading class sun/nio/ch/ChannelOutputStream
Event: 3.147 Loading class sun/nio/ch/ChannelOutputStream done
Event: 3.147 Loading class sun/nio/ch/Util
Event: 3.147 Loading class sun/nio/ch/Util done
Event: 3.147 Loading class sun/nio/ch/Util$1
Event: 3.147 Loading class sun/nio/ch/Util$1 done
Event: 3.147 Loading class sun/nio/ch/Util$BufferCache
Event: 3.148 Loading class sun/nio/ch/Util$BufferCache done
Event: 3.148 Loading class java/nio/DirectByteBuffer$Deallocator
Event: 3.148 Loading class java/nio/DirectByteBuffer$Deallocator done
Event: 3.148 Loading class sun/nio/ch/IOStatus
Event: 3.148 Loading class sun/nio/ch/IOStatus done
Event: 3.149 Loading class sun/nio/fs/WindowsFileCopy
Event: 3.149 Loading class sun/nio/fs/WindowsFileCopy done

Classes unloaded (0 events):
No events

Classes redefined (0 events):
No events

Internal exceptions (20 events):
Event: 2.251 Thread 0x00000208234a2620 Exception <a 'java/lang/NoSuchMethodError'{0x00000000d6435528}: 'int java.lang.invoke.DirectMethodHandle$Holder.invokeVirtual(java.lang.Object, java.lang.Object)'> (0x00000000d6435528) 
thrown [s\src\hotspot\share\interpreter\linkResolver.cpp, line 773]
Event: 2.310 Thread 0x00000208234a2620 Exception <a 'sun/nio/fs/WindowsException'{0x00000000d64b2dd0}> (0x00000000d64b2dd0) 
thrown [s\src\hotspot\share\prims\jni.cpp, line 520]
Event: 2.313 Thread 0x00000208234a2620 Exception <a 'sun/nio/fs/WindowsException'{0x00000000d64bb088}> (0x00000000d64bb088) 
thrown [s\src\hotspot\share\prims\jni.cpp, line 520]
Event: 2.314 Thread 0x00000208234a2620 Exception <a 'sun/nio/fs/WindowsException'{0x00000000d64c8d98}> (0x00000000d64c8d98) 
thrown [s\src\hotspot\share\prims\jni.cpp, line 520]
Event: 2.320 Thread 0x00000208234a2620 Exception <a 'sun/nio/fs/WindowsException'{0x00000000d64cc7b0}> (0x00000000d64cc7b0) 
thrown [s\src\hotspot\share\prims\jni.cpp, line 520]
Event: 2.321 Thread 0x00000208234a2620 Exception <a 'sun/nio/fs/WindowsException'{0x00000000d64cdb40}> (0x00000000d64cdb40) 
thrown [s\src\hotspot\share\prims\jni.cpp, line 520]
Event: 2.321 Thread 0x00000208234a2620 Exception <a 'sun/nio/fs/WindowsException'{0x00000000d64d35a8}> (0x00000000d64d35a8) 
thrown [s\src\hotspot\share\prims\jni.cpp, line 520]
Event: 2.384 Thread 0x00000208234a2620 Exception <a 'java/lang/IncompatibleClassChangeError'{0x00000000d67dd7f8}: Found class java.lang.Object, but interface was expected> (0x00000000d67dd7f8) 
thrown [s\src\hotspot\share\interpreter\linkResolver.cpp, line 840]
Event: 2.386 Thread 0x00000208234a2620 Exception <a 'java/lang/NoSuchMethodError'{0x00000000d67ecaa8}: 'void java.lang.invoke.DirectMethodHandle$Holder.invokeInterface(java.lang.Object, java.lang.Object, java.lang.Object)'> (0x00000000d67ecaa8) 
thrown [s\src\hotspot\share\interpreter\linkResolver.cpp, line 773]
Event: 2.409 Thread 0x00000208234a2620 Exception <a 'java/lang/NoSuchMethodError'{0x00000000d69472f0}: 'int java.lang.invoke.DirectMethodHandle$Holder.invokeStaticInit(java.lang.Object, java.lang.Object, java.lang.Object, java.lang.Object)'> (0x00000000d69472f0) 
thrown [s\src\hotspot\share\interpreter\linkResolver.cpp, line 773]
Event: 2.413 Thread 0x00000208234a2620 Exception <a 'java/lang/NoSuchMethodError'{0x00000000d6951de0}: 'void java.lang.invoke.DirectMethodHandle$Holder.invokeStaticInit(java.lang.Object, java.lang.Object)'> (0x00000000d6951de0) 
thrown [s\src\hotspot\share\interpreter\linkResolver.cpp, line 773]
Event: 2.414 Thread 0x00000208234a2620 Exception <a 'java/lang/NoSuchMethodError'{0x00000000d69572e0}: 'int java.lang.invoke.DirectMethodHandle$Holder.invokeStaticInit(java.lang.Object, java.lang.Object)'> (0x00000000d69572e0) 
thrown [s\src\hotspot\share\interpreter\linkResolver.cpp, line 773]
Event: 2.456 Thread 0x00000208234a2620 Exception <a 'java/lang/NoSuchMethodError'{0x00000000d6b93e68}: 'java.lang.Object java.lang.invoke.DirectMethodHandle$Holder.newInvokeSpecial(java.lang.Object, int, java.lang.Object)'> (0x00000000d6b93e68) 
thrown [s\src\hotspot\share\interpreter\linkResolver.cpp, line 773]
Event: 2.495 Thread 0x00000208234a2620 Exception <a 'java/lang/ClassNotFoundException'{0x00000000d6d3a020}: sun/net/www/protocol/plurl/Handler> (0x00000000d6d3a020) 
thrown [s\src\hotspot\share\classfile\systemDictionary.cpp, line 313]
Event: 2.495 Thread 0x00000208234a2620 Exception <a 'java/lang/ClassNotFoundException'{0x00000000d6d3aea0}: sun/net/www/protocol/plurl/Handler> (0x00000000d6d3aea0) 
thrown [s\src\hotspot\share\classfile\systemDictionary.cpp, line 313]
Event: 2.820 Thread 0x00000208234a2620 Exception <a 'java/lang/UnsatisfiedLinkError'{0x00000000d589ed48}: 'void org.eclipse.equinox.launcher.JNIBridge._update_splash()'> (0x00000000d589ed48) 
thrown [s\src\hotspot\share\prims\nativeLookup.cpp, line 415]
Event: 3.053 Thread 0x0000020804d7c080 Exception <a 'java/lang/NoSuchMethodError'{0x00000000d5cc0548}: 'java.lang.Object java.lang.invoke.DirectMethodHandle$Holder.newInvokeSpecial(java.lang.Object, java.lang.Object, int, java.lang.Object)'> (0x00000000d5cc0548) 
thrown [s\src\hotspot\share\interpreter\linkResolver.cpp, line 773]
Event: 3.054 Thread 0x0000020804d7c080 Exception <a 'java/lang/NoSuchMethodError'{0x00000000d5cc4378}: 'java.lang.Object java.lang.invoke.DirectMethodHandle$Holder.invokeSpecial(java.lang.Object, java.lang.Object, java.lang.Object, int, java.lang.Object)'> (0x00000000d5cc4378) 
thrown [s\src\hotspot\share\interpreter\linkResolver.cpp, line 773]
Event: 3.071 Thread 0x0000020804d7c080 Exception <a 'java/lang/NoClassDefFoundError'{0x00000000d5d6a2b8}: jakarta/servlet/ServletContainerInitializer> (0x00000000d5d6a2b8) 
thrown [s\src\hotspot\share\classfile\systemDictionary.cpp, line 302]
Event: 3.100 Thread 0x0000020804d7c080 Exception <a 'java/lang/ClassNotFoundException'{0x00000000d5ec3c40}: sun/util/logging/resources/spi/loggingProvider> (0x00000000d5ec3c40) 
thrown [s\src\hotspot\share\classfile\systemDictionary.cpp, line 313]

ZGC Phase Switch (0 events):
No events

VM Operations (20 events):
Event: 1.774 Executing safepoint VM operation: ParallelGCFailedAllocation (Allocation Failure)
Event: 1.780 Executing safepoint VM operation: ParallelGCFailedAllocation (Allocation Failure) done
Event: 2.338 Executing non-safepoint VM operation: HandshakeAllThreads (Deoptimize)
Event: 2.338 Executing non-safepoint VM operation: HandshakeAllThreads (Deoptimize) done
Event: 2.360 Executing safepoint VM operation: ICBufferFull
Event: 2.360 Executing safepoint VM operation: ICBufferFull done
Event: 2.440 Executing non-safepoint VM operation: HandshakeAllThreads (Deoptimize)
Event: 2.440 Executing non-safepoint VM operation: HandshakeAllThreads (Deoptimize) done
Event: 2.489 Executing non-safepoint VM operation: HandshakeAllThreads (Deoptimize)
Event: 2.489 Executing non-safepoint VM operation: HandshakeAllThreads (Deoptimize) done
Event: 2.521 Executing safepoint VM operation: ParallelGCFailedAllocation (Allocation Failure)
Event: 2.527 Executing safepoint VM operation: ParallelGCFailedAllocation (Allocation Failure) done
Event: 3.087 Executing non-safepoint VM operation: HandshakeAllThreads (Deoptimize)
Event: 3.087 Executing non-safepoint VM operation: HandshakeAllThreads (Deoptimize) done
Event: 3.110 Executing non-safepoint VM operation: HandshakeAllThreads (Deoptimize)
Event: 3.110 Executing non-safepoint VM operation: HandshakeAllThreads (Deoptimize) done
Event: 3.123 Executing non-safepoint VM operation: HandshakeAllThreads (Deoptimize)
Event: 3.123 Executing non-safepoint VM operation: HandshakeAllThreads (Deoptimize) done
Event: 3.165 Executing non-safepoint VM operation: HandshakeAllThreads (Deoptimize)
Event: 3.165 Executing non-safepoint VM operation: HandshakeAllThreads (Deoptimize) done

Memory protections (0 events):
No events

Nmethod flushes (0 events):
No events

Events (18 events):
Event: 0.184 Thread 0x00000208234a2620 Thread added: 0x00000208234a2620
Event: 0.202 Thread 0x00000208234a2620 Thread added: 0x000002082335a950
Event: 0.203 Thread 0x00000208234a2620 Thread added: 0x000002082335d4c0
Event: 0.203 Thread 0x00000208234a2620 Thread added: 0x000002082335e1e0
Event: 0.203 Thread 0x00000208234a2620 Thread added: 0x000002082335ec40
Event: 0.203 Thread 0x00000208234a2620 Thread added: 0x000002082335f6a0
Event: 0.203 Thread 0x00000208234a2620 Thread added: 0x0000020823360100
Event: 0.206 Thread 0x00000208234a2620 Thread added: 0x0000020823360f40
Event: 0.210 Thread 0x00000208234a2620 Thread added: 0x00000208233d0a30
Event: 0.576 Thread 0x00000208234a2620 Thread added: 0x00000208041e39c0
Event: 0.990 Thread 0x00000208234a2620 Thread added: 0x0000020804291c80
Event: 1.250 Thread 0x00000208233d0a30 Thread added: 0x000002080432b170
Event: 2.432 Thread 0x00000208234a2620 Thread added: 0x0000020804beda80
Event: 2.781 Thread 0x000002080432b170 Thread exited: 0x000002080432b170
Event: 2.819 Thread 0x00000208234a2620 Thread added: 0x0000020804bb7e90
Event: 2.825 Thread 0x0000020804bb7e90 Thread added: 0x00000208049905c0
Event: 2.967 Thread 0x00000208234a2620 Thread added: 0x0000020804d7c080
Event: 3.172 Thread 0x00000208233d0a30 Thread added: 0x0000020804ae2220


Dynamic libraries:
0x00007ff6dcbe0000 - 0x00007ff6dcbee000 	c:\Users\SakithMohamed\.vscode\extensions\redhat.java-1.55.0-win32-x64\jre\21.0.11-win32-x86_64\bin\java.exe
0x00007fffbf520000 - 0x00007fffbf786000 	C:\WINDOWS\SYSTEM32\ntdll.dll
0x00007fffbd500000 - 0x00007fffbd5c9000 	C:\WINDOWS\System32\KERNEL32.DLL
0x00007fffbc980000 - 0x00007fffbcd7f000 	C:\WINDOWS\System32\KERNELBASE.dll
0x00007fffb8ea0000 - 0x00007fffb8f3f000 	C:\WINDOWS\SYSTEM32\apphelp.dll
0x00007fffbcd90000 - 0x00007fffbcedc000 	C:\WINDOWS\System32\ucrtbase.dll
0x00007fff97c40000 - 0x00007fff97c58000 	c:\Users\SakithMohamed\.vscode\extensions\redhat.java-1.55.0-win32-x64\jre\21.0.11-win32-x86_64\bin\jli.dll
0x00007fffbde30000 - 0x00007fffbdff6000 	C:\WINDOWS\System32\USER32.dll
0x00007fffbcef0000 - 0x00007fffbcf17000 	C:\WINDOWS\System32\win32u.dll
0x00007fffbed40000 - 0x00007fffbed6b000 	C:\WINDOWS\System32\GDI32.dll
0x00007fffbcf20000 - 0x00007fffbd049000 	C:\WINDOWS\System32\gdi32full.dll
0x00007fffbd0e0000 - 0x00007fffbd183000 	C:\WINDOWS\System32\msvcp_win.dll
0x00007fffa2f80000 - 0x00007fffa2f9e000 	c:\Users\SakithMohamed\.vscode\extensions\redhat.java-1.55.0-win32-x64\jre\21.0.11-win32-x86_64\bin\VCRUNTIME140.dll
0x00007fffa2470000 - 0x00007fffa2701000 	C:\WINDOWS\WinSxS\amd64_microsoft.windows.common-controls_6595b64144ccf1df_6.0.26100.8972_none_3e0da176e32f9d4b\COMCTL32.dll
0x00007fffbd750000 - 0x00007fffbd7f9000 	C:\WINDOWS\System32\msvcrt.dll
0x00007fffbe480000 - 0x00007fffbe4b2000 	C:\WINDOWS\System32\IMM32.DLL
0x00007fffb8e20000 - 0x00007fffb8e2c000 	c:\Users\SakithMohamed\.vscode\extensions\redhat.java-1.55.0-win32-x64\jre\21.0.11-win32-x86_64\bin\vcruntime140_1.dll
0x00007fff76be0000 - 0x00007fff76c6d000 	c:\Users\SakithMohamed\.vscode\extensions\redhat.java-1.55.0-win32-x64\jre\21.0.11-win32-x86_64\bin\msvcp140.dll
0x00007fff431f0000 - 0x00007fff43f92000 	c:\Users\SakithMohamed\.vscode\extensions\redhat.java-1.55.0-win32-x64\jre\21.0.11-win32-x86_64\bin\server\jvm.dll
0x00007fffbdd50000 - 0x00007fffbde0c000 	C:\WINDOWS\System32\ADVAPI32.dll
0x00007fffbda50000 - 0x00007fffbdafa000 	C:\WINDOWS\System32\sechost.dll
0x00007fffbd800000 - 0x00007fffbd918000 	C:\WINDOWS\System32\RPCRT4.dll
0x00007fffbf400000 - 0x00007fffbf482000 	C:\WINDOWS\System32\WS2_32.dll
0x00007fffaebf0000 - 0x00007fffaec26000 	C:\WINDOWS\SYSTEM32\WINMM.dll
0x00007fffb2620000 - 0x00007fffb262b000 	C:\WINDOWS\SYSTEM32\VERSION.dll
0x00007fffbc5b0000 - 0x00007fffbc60e000 	C:\WINDOWS\SYSTEM32\POWRPROF.dll
0x00007fffbc590000 - 0x00007fffbc5a5000 	C:\WINDOWS\SYSTEM32\UMPDC.dll
0x00007fffbb3f0000 - 0x00007fffbb40b000 	C:\WINDOWS\SYSTEM32\kernel.appcore.dll
0x00007fffb1060000 - 0x00007fffb106a000 	c:\Users\SakithMohamed\.vscode\extensions\redhat.java-1.55.0-win32-x64\jre\21.0.11-win32-x86_64\bin\jimage.dll
0x00007fffb9e20000 - 0x00007fffba062000 	C:\WINDOWS\SYSTEM32\DBGHELP.DLL
0x00007fffbe0f0000 - 0x00007fffbe475000 	C:\WINDOWS\System32\combase.dll
0x00007fffbe010000 - 0x00007fffbe0e9000 	C:\WINDOWS\System32\OLEAUT32.dll
0x00007fffacb30000 - 0x00007fffacb6b000 	C:\WINDOWS\SYSTEM32\dbgcore.DLL
0x00007fffbd190000 - 0x00007fffbd23c000 	C:\WINDOWS\System32\bcryptPrimitives.dll
0x00007fffad8f0000 - 0x00007fffad8ff000 	c:\Users\SakithMohamed\.vscode\extensions\redhat.java-1.55.0-win32-x64\jre\21.0.11-win32-x86_64\bin\instrument.dll
0x00007fff8f2e0000 - 0x00007fff8f300000 	c:\Users\SakithMohamed\.vscode\extensions\redhat.java-1.55.0-win32-x64\jre\21.0.11-win32-x86_64\bin\java.dll
0x00007fffbe520000 - 0x00007fffbeca8000 	C:\WINDOWS\System32\SHELL32.dll
0x00007fffba1a0000 - 0x00007fffbaa3b000 	C:\WINDOWS\SYSTEM32\windows.storage.dll
0x00007fffbd300000 - 0x00007fffbd3f9000 	C:\WINDOWS\System32\SHCORE.dll
0x00007fffbd920000 - 0x00007fffbd986000 	C:\WINDOWS\System32\shlwapi.dll
0x00007fffbc650000 - 0x00007fffbc679000 	C:\WINDOWS\SYSTEM32\profapi.dll
0x00007fff8e250000 - 0x00007fff8e268000 	c:\Users\SakithMohamed\.vscode\extensions\redhat.java-1.55.0-win32-x64\jre\21.0.11-win32-x86_64\bin\zip.dll
0x00007fffad680000 - 0x00007fffad690000 	C:\Users\SakithMohamed\.vscode\extensions\redhat.java-1.55.0-win32-x64\jre\21.0.11-win32-x86_64\bin\net.dll
0x00007fffb0b60000 - 0x00007fffb0c88000 	C:\WINDOWS\SYSTEM32\WINHTTP.dll
0x00007fffbb9d0000 - 0x00007fffbba3c000 	C:\WINDOWS\system32\mswsock.dll
0x00007fff8e230000 - 0x00007fff8e246000 	C:\Users\SakithMohamed\.vscode\extensions\redhat.java-1.55.0-win32-x64\jre\21.0.11-win32-x86_64\bin\nio.dll
0x00007fffa38d0000 - 0x00007fffa38e0000 	c:\Users\SakithMohamed\.vscode\extensions\redhat.java-1.55.0-win32-x64\jre\21.0.11-win32-x86_64\bin\verify.dll
0x00007fff76cc0000 - 0x00007fff76d05000 	C:\Users\SakithMohamed\AppData\Roaming\Code\User\globalStorage\redhat.java\1.55.0\config_win\org.eclipse.equinox.launcher\org.eclipse.equinox.launcher.win32.win32.x86_64_1.3.100.v20260613-0559\eclipse_11924.dll
0x00007fffbdb00000 - 0x00007fffbdc99000 	C:\WINDOWS\System32\ole32.dll

JVMTI agents:
c:\Users\SakithMohamed\.vscode\extensions\redhat.java-1.55.0-win32-x64\lombok\lombok-1.18.39-4050.jar path:c:\Users\SakithMohamed\.vscode\extensions\redhat.java-1.55.0-win32-x64\jre\21.0.11-win32-x86_64\bin\instrument.dll, loaded, initialized, instrumentlib options:none

dbghelp: loaded successfully - version: 4.0.5 - missing functions: none
symbol engine: initialized successfully - sym options: 0x614 - pdb path: .;c:\Users\SakithMohamed\.vscode\extensions\redhat.java-1.55.0-win32-x64\jre\21.0.11-win32-x86_64\bin;C:\WINDOWS\SYSTEM32;C:\WINDOWS\WinSxS\amd64_microsoft.windows.common-controls_6595b64144ccf1df_6.0.26100.8972_none_3e0da176e32f9d4b;c:\Users\SakithMohamed\.vscode\extensions\redhat.java-1.55.0-win32-x64\jre\21.0.11-win32-x86_64\bin\server;C:\Users\SakithMohamed\AppData\Roaming\Code\User\globalStorage\redhat.java\1.55.0\config_win\org.eclipse.equinox.launcher\org.eclipse.equinox.launcher.win32.win32.x86_64_1.3.100.v20260613-0559

VM Arguments:
jvm_args: --add-modules=ALL-SYSTEM --add-opens=java.base/java.util=ALL-UNNAMED --add-opens=java.base/java.lang=ALL-UNNAMED --add-opens=java.base/sun.nio.fs=ALL-UNNAMED -Declipse.application=org.eclipse.jdt.ls.core.id1 -Dosgi.bundles.defaultStartLevel=4 -Declipse.product=org.eclipse.jdt.ls.core.product -Djava.import.generatesMetadataFilesAtProjectRoot=false -DDetectVMInstallationsJob.disabled=true -Dfile.encoding=utf8 -XX:+UseParallelGC -XX:GCTimeRatio=4 -XX:AdaptiveSizePolicyWeight=90 -Dsun.zip.disableMemoryMapping=true -Xmx2G -Xms100m -Xlog:disable -javaagent:c:\Users\SakithMohamed\.vscode\extensions\redhat.java-1.55.0-win32-x64\lombok\lombok-1.18.39-4050.jar -XX:+HeapDumpOnOutOfMemoryError -XX:HeapDumpPath=c:\Users\SakithMohamed\AppData\Roaming\Code\User\workspaceStorage\15b8b954a2dc30d6c90312cba1e976f8\redhat.java -Daether.dependencyCollector.impl=bf 
java_command: c:\Users\SakithMohamed\.vscode\extensions\redhat.java-1.55.0-win32-x64\server\plugins\org.eclipse.equinox.launcher_1.7.200.v20260619-2039.jar -configuration c:\Users\SakithMohamed\AppData\Roaming\Code\User\globalStorage\redhat.java\1.55.0\config_win -data c:\Users\SakithMohamed\AppData\Roaming\Code\User\workspaceStorage\15b8b954a2dc30d6c90312cba1e976f8\redhat.java\jdt_ws --pipe=\\.\pipe\lsp-e4f5067cc65347b6800a86a8cec6b946-sock
java_class_path (initial): c:\Users\SakithMohamed\.vscode\extensions\redhat.java-1.55.0-win32-x64\server\plugins\org.eclipse.equinox.launcher_1.7.200.v20260619-2039.jar
Launcher Type: SUN_STANDARD

[Global flags]
    uintx AdaptiveSizePolicyWeight                 = 90                                        {product} {command line}
     intx CICompilerCount                          = 3                                         {product} {ergonomic}
    uintx GCTimeRatio                              = 4                                         {product} {command line}
     bool HeapDumpOnOutOfMemoryError               = true                                   {manageable} {command line}
    ccstr HeapDumpPath                             = c:\Users\SakithMohamed\AppData\Roaming\Code\User\workspaceStorage\15b8b954a2dc30d6c90312cba1e976f8\redhat.java         {manageable} {command line}
   size_t InitialHeapSize                          = 104857600                                 {product} {command line}
   size_t MaxHeapSize                              = 2147483648                                {product} {command line}
   size_t MaxNewSize                               = 715653120                                 {product} {ergonomic}
   size_t MinHeapDeltaBytes                        = 524288                                    {product} {ergonomic}
   size_t MinHeapSize                              = 104857600                                 {product} {command line}
   size_t NewSize                                  = 34603008                                  {product} {ergonomic}
    uintx NonNMethodCodeHeapSize                   = 5832780                                {pd product} {ergonomic}
    uintx NonProfiledCodeHeapSize                  = 122912730                              {pd product} {ergonomic}
   size_t OldSize                                  = 70254592                                  {product} {ergonomic}
    uintx ProfiledCodeHeapSize                     = 122912730                              {pd product} {ergonomic}
    uintx ReservedCodeCacheSize                    = 251658240                              {pd product} {ergonomic}
     bool SegmentedCodeCache                       = true                                      {product} {ergonomic}
   size_t SoftMaxHeapSize                          = 2147483648                             {manageable} {ergonomic}
     bool UseCompressedOops                        = true                           {product lp64_product} {ergonomic}
     bool UseLargePagesIndividualAllocation        = false                                  {pd product} {ergonomic}
     bool UseParallelGC                            = true                                      {product} {command line}

Logging:
Log output configuration:
 #0: stdout all=off uptime,level,tags foldmultilines=false
 #1: stderr all=off uptime,level,tags foldmultilines=false

Release file:
JAVA_VERSION="21.0.11" 
MODULES="java.base java.compiler java.datatransfer java.xml java.prefs java.desktop java.instrument java.logging java.management java.security.sasl java.naming java.rmi java.management.rmi java.net.http java.scripting java.security.jgss java.transaction.xa java.sql java.sql.rowset java.xml.crypto java.se java.smartcardio jdk.accessibility jdk.internal.jvmstat jdk.attach jdk.charsets jdk.internal.opt jdk.zipfs jdk.compiler jdk.crypto.ec jdk.crypto.cryptoki jdk.crypto.mscapi jdk.dynalink jdk.internal.ed jdk.editpad jdk.hotspot.agent jdk.httpserver jdk.internal.le jdk.internal.vm.ci jdk.internal.vm.compiler jdk.internal.vm.compiler.management jdk.jartool jdk.javadoc jdk.jcmd jdk.management jdk.management.agent jdk.jconsole jdk.jdeps jdk.jdwp.agent jdk.jdi jdk.jfr jdk.jshell jdk.jsobject jdk.jstatd jdk.localedata jdk.management.jfr jdk.naming.dns jdk.naming.rmi jdk.net jdk.nio.mapmode jdk.random jdk.sctp jdk.security.auth jdk.security.jgss jdk.unsupported jdk.unsupported.desktop jdk.xml.dom" 

Environment Variables:
PATH=C:\Program Files\Common Files\Oracle\Java\javapath;C:\WINDOWS\system32;C:\WINDOWS;C:\WINDOWS\System32\Wbem;C:\WINDOWS\System32\WindowsPowerShell\v1.0\;C:\WINDOWS\System32\OpenSSH\;C:\Program Files\nodejs\;C:\Program Files\Git\cmd;C:\Users\SakithMohamed\AppData\Local\Microsoft\WindowsApps;C:\Users\SakithMohamed\AppData\Local\Programs\Microsoft VS Code\bin;C:\Users\SakithMohamed\AppData\Roaming\npm;C:\Users\SakithMohamed\AppData\Local\Python\bin;C:\Users\SakithMohamed\AppData\Local\Programs\Antigravity\bin;C:\Users\SakithMohamed\AppData\Local\PowerToys\DSCModules\
USERNAME=SakithMohamed
OS=Windows_NT
PROCESSOR_IDENTIFIER=Intel64 Family 6 Model 140 Stepping 2, GenuineIntel
TMP=C:\Users\SAKITH~1\AppData\Local\Temp
TEMP=C:\Users\SAKITH~1\AppData\Local\Temp




Periodic native trim disabled

---------------  S Y S T E M  ---------------

OS:
 Windows 11 , 64 bit Build 26100 (10.0.26100.9168)
OS uptime: 6 days 22:02 hours
Hyper-V role detected

CPU: total 4 (initial active 4) (2 cores per cpu, 2 threads per core) family 6 model 140 stepping 2 microcode 0x22, cx8, cmov, fxsr, ht, mmx, 3dnowpref, sse, sse2, sse3, ssse3, sse4.1, sse4.2, popcnt, lzcnt, tsc, tscinvbit, avx, avx2, aes, erms, clmul, bmi1, bmi2, adx, avx512f, avx512dq, avx512cd, avx512bw, avx512vl, sha, fma, vzeroupper, avx512_vpopcntdq, avx512_vpclmulqdq, avx512_vaes, avx512_vnni, clflush, clflushopt, clwb, avx512_vbmi2, avx512_vbmi, hv, rdtscp, rdpid, fsrm, gfni, avx512_bitalg, f16c, cet_ibt, cet_ss, avx512_ifma
Processor Information for the first 4 processors :
  Max Mhz: 2995, Current Mhz: 2995, Mhz Limit: 2995

Memory: 4k page, system-wide physical 7894M (991M free)
TotalPageFile size 9942M (AvailPageFile size 0M)
current process WorkingSet (physical memory assigned to process): 107M, peak: 108M
current process commit charge ("private bytes"): 236M, peak: 237M

vm_info: OpenJDK 64-Bit Server VM (21.0.11+10-LTS) for windows-amd64 JRE (21.0.11+10-LTS), built on 2026-04-21T00:00:00Z by "admin" with MS VC++ 17.12 (VS2022)

END.
